node_modules/.pnpm/mp4box@2.3.0/node_modules/mp4box/dist/log-DO1-_KSL.d.ts(1444,5): error TS18028: Private identifiers are only available when targeting ECMAScript 2015 and higher.
node_modules/.pnpm/mp4box@2.3.0/node_modules/mp4box/dist/log-DO1-_KSL.d.ts(2238,5): error TS18028: Private identifiers are only available when targeting ECMAScript 2015 and higher.
node_modules/.pnpm/openvideo@0.2.11_@types+rea_89371d1bebeb23b5b0c93e504caee31a/node_modules/openvideo/dist/clips/video-clip.d.ts(21,39): error TS2304: Cannot find name 'HardwarePreference'.
node_modules/.pnpm/openvideo@0.2.11_@types+rea_89371d1bebeb23b5b0c93e504caee31a/node_modules/openvideo/dist/compositor.d.ts(25,39): error TS2304: Cannot find name 'HardwarePreference'.
node_modules/.pnpm/openvideo@0.2.11_@types+rea_89371d1bebeb23b5b0c93e504caee31a/node_modules/openvideo/dist/transfomer/parts/handle.d.ts(11,5): error TS18028: Private identifiers are only available when targeting ECMAScript 2015 and higher.
node_modules/.pnpm/openvideo@0.2.11_@types+rea_89371d1bebeb23b5b0c93e504caee31a/node_modules/openvideo/dist/transfomer/transformer.d.ts(5,5): error TS18028: Private identifiers are only available when targeting ECMAScript 2015 and higher.
node_modules/.pnpm/opfs-tools@0.7.4/node_modules/opfs-tools/dist/directory.d.ts(27,5): error TS18028: Private identifiers are only available when targeting ECMAScript 2015 and higher.
node_modules/.pnpm/opfs-tools@0.7.4/node_modules/opfs-tools/dist/file.d.ts(41,5): error TS18028: Private identifiers are only available when targeting ECMAScript 2015 and higher.
src/components/editor/timeline/timeline-constants.ts(1,32): error TS2307: Cannot find module '@/types/timeline' or its corresponding type declarations.
src/components/editor/timeline/timeline-studio-sync.tsx(2,34): error TS2307: Cannot find module '@/stores/timeline-store' or its corresponding type declarations.
src/components/editor/timeline/timeline-studio-sync.tsx(3,32): error TS2307: Cannot find module '@/stores/studio-store' or its corresponding type declarations.
src/components/editor/timeline/timeline-studio-sync.tsx(4,34): error TS2307: Cannot find module '@/stores/playback-store' or its corresponding type declarations.
src/components/editor/timeline/timeline-studio-sync.tsx(5,55): error TS2307: Cannot find module '@/types/timeline' or its corresponding type declarations.
src/components/editor/timeline/timeline-studio-sync.tsx(7,30): error TS2307: Cannot find module '@/utils/id' or its corresponding type declarations.
src/components/editor/timeline/timeline-studio-sync.tsx(567,19): error TS2339: Property 'type' does not exist on type 'unknown'.
src/components/editor/timeline/timeline-studio-sync.tsx(568,20): error TS2339: Property 'fromClipId' does not exist on type 'unknown'.
src/components/editor/timeline/timeline-studio-sync.tsx(568,47): error TS2339: Property 'toClipId' does not exist on type 'unknown'.
src/components/editor/timeline/timeline-studio-sync.tsx(570,27): error TS2339: Property 'id' does not exist on type 'unknown'.
src/components/editor/timeline/timeline-studio-sync.tsx(629,17): error TS2339: Property 'type' does not exist on type 'unknown'.
src/components/editor/timeline/timeline-studio-sync.tsx(630,18): error TS2339: Property 'fromClipId' does not exist on type 'unknown'.
src/components/editor/timeline/timeline-studio-sync.tsx(630,45): error TS2339: Property 'toClipId' does not exist on type 'unknown'.
src/components/editor/timeline/timeline-studio-sync.tsx(632,25): error TS2339: Property 'id' does not exist on type 'unknown'.
src/components/editor/timeline/timeline/canvas.ts(15,36): error TS2307: Cannot find module '@/components/editor/timeline/timeline-constants' or its corresponding type declarations.
src/components/editor/timeline/timeline/canvas.ts(21,8): error TS2307: Cannot find module '@/types/timeline' or its corresponding type declarations.
src/components/editor/timeline/timeline/canvas.ts(31,32): error TS2307: Cannot find module '@/components/editor/timeline/timeline-constants' or its corresponding type declarations.
src/components/editor/timeline/timeline/canvas.ts(74,3): error TS18028: Private identifiers are only available when targeting ECMAScript 2015 and higher.
src/components/editor/timeline/timeline/canvas.ts(75,3): error TS18028: Private identifiers are only available when targeting ECMAScript 2015 and higher.
src/components/editor/timeline/timeline/canvas.ts(76,3): error TS18028: Private identifiers are only available when targeting ECMAScript 2015 and higher.
src/components/editor/timeline/timeline/canvas.ts(77,3): error TS18028: Private identifiers are only available when targeting ECMAScript 2015 and higher.
src/components/editor/timeline/timeline/canvas.ts(78,3): error TS18028: Private identifiers are only available when targeting ECMAScript 2015 and higher.
src/components/editor/timeline/timeline/canvas.ts(79,3): error TS18028: Private identifiers are only available when targeting ECMAScript 2015 and higher.
src/components/editor/timeline/timeline/canvas.ts(80,3): error TS18028: Private identifiers are only available when targeting ECMAScript 2015 and higher.
src/components/editor/timeline/timeline/canvas.ts(81,3): error TS18028: Private identifiers are only available when targeting ECMAScript 2015 and higher.
src/components/editor/timeline/timeline/canvas.ts(82,3): error TS18028: Private identifiers are only available when targeting ECMAScript 2015 and higher.
src/components/editor/timeline/timeline/canvas.ts(83,3): error TS18028: Private identifiers are only available when targeting ECMAScript 2015 and higher.
src/components/editor/timeline/timeline/canvas.ts(84,3): error TS18028: Private identifiers are only available when targeting ECMAScript 2015 and higher.
src/components/editor/timeline/timeline/canvas.ts(85,3): error TS18028: Private identifiers are only available when targeting ECMAScript 2015 and higher.
src/components/editor/timeline/timeline/canvas.ts(87,3): error TS18028: Private identifiers are only available when targeting ECMAScript 2015 and higher.
src/components/editor/timeline/timeline/canvas.ts(90,3): error TS18028: Private identifiers are only available when targeting ECMAScript 2015 and higher.
src/components/editor/timeline/timeline/canvas.ts(91,3): error TS18028: Private identifiers are only available when targeting ECMAScript 2015 and higher.
src/components/editor/timeline/timeline/canvas.ts(92,3): error TS18028: Private identifiers are only available when targeting ECMAScript 2015 and higher.
src/components/editor/timeline/timeline/canvas.ts(98,3): error TS18028: Private identifiers are only available when targeting ECMAScript 2015 and higher.
src/components/editor/timeline/timeline/canvas.ts(99,3): error TS18028: Private identifiers are only available when targeting ECMAScript 2015 and higher.
src/components/editor/timeline/timeline/canvas.ts(100,3): error TS18028: Private identifiers are only available when targeting ECMAScript 2015 and higher.
src/components/editor/timeline/timeline/canvas.ts(101,3): error TS18028: Private identifiers are only available when targeting ECMAScript 2015 and higher.
src/components/editor/timeline/timeline/canvas.ts(104,3): error TS18028: Private identifiers are only available when targeting ECMAScript 2015 and higher.
src/components/editor/timeline/timeline/canvas.ts(105,3): error TS18028: Private identifiers are only available when targeting ECMAScript 2015 and higher.
src/components/editor/timeline/timeline/canvas.ts(106,3): error TS18028: Private identifiers are only available when targeting ECMAScript 2015 and higher.
src/components/editor/timeline/timeline/canvas.ts(107,3): error TS18028: Private identifiers are only available when targeting ECMAScript 2015 and higher.
src/components/editor/timeline/timeline/canvas.ts(108,3): error TS18028: Private identifiers are only available when targeting ECMAScript 2015 and higher.
src/components/editor/timeline/timeline/canvas.ts(109,3): error TS18028: Private identifiers are only available when targeting ECMAScript 2015 and higher.
src/components/editor/timeline/timeline/canvas.ts(110,3): error TS18028: Private identifiers are only available when targeting ECMAScript 2015 and higher.
src/components/editor/timeline/timeline/canvas.ts(111,3): error TS18028: Private identifiers are only available when targeting ECMAScript 2015 and higher.
src/components/editor/timeline/timeline/canvas.ts(183,3): error TS18028: Private identifiers are only available when targeting ECMAScript 2015 and higher.
src/components/editor/timeline/timeline/canvas.ts(1087,29): error TS2802: Type 'Map<string, Track>' can only be iterated through when using the '--downlevelIteration' flag or with a '--target' of 'es2015' or higher.
src/components/editor/timeline/timeline/canvas.ts(1094,29): error TS2802: Type 'Map<string, BaseTimelineClip>' can only be iterated through when using the '--downlevelIteration' flag or with a '--target' of 'es2015' or higher.
src/components/editor/timeline/timeline/clips/audio.ts(4,28): error TS2307: Cannot find module '@/components/editor/constants' or its corresponding type declarations.
src/components/editor/timeline/timeline/clips/caption.ts(4,28): error TS2307: Cannot find module '@/components/editor/constants' or its corresponding type declarations.
src/components/editor/timeline/timeline/clips/effect.ts(4,28): error TS2307: Cannot find module '@/components/editor/constants' or its corresponding type declarations.
src/components/editor/timeline/timeline/clips/image.ts(4,28): error TS2307: Cannot find module '@/components/editor/constants' or its corresponding type declarations.
src/components/editor/timeline/timeline/clips/text.ts(4,28): error TS2307: Cannot find module '@/components/editor/constants' or its corresponding type declarations.
src/components/editor/timeline/timeline/clips/video.ts(4,28): error TS2307: Cannot find module '@/components/editor/constants' or its corresponding type declarations.
src/components/editor/timeline/timeline/clips/video.ts(5,36): error TS2307: Cannot find module '@/components/editor/timeline/timeline-constants' or its corresponding type declarations.
src/components/editor/timeline/timeline/clips/video.ts(6,32): error TS2307: Cannot find module '@/stores/studio-store' or its corresponding type declarations.
src/components/editor/timeline/timeline/controls/resize-action.ts(4,41): error TS2307: Cannot find module '@/types/timeline' or its corresponding type declarations.
src/components/editor/timeline/timeline/controls/trim-action.ts(4,41): error TS2307: Cannot find module '@/types/timeline' or its corresponding type declarations.
src/components/editor/timeline/timeline/data.ts(1,39): error TS2307: Cannot find module '@/types/timeline' or its corresponding type declarations.
src/components/editor/timeline/timeline/handlers/modify-handler.ts(4,30): error TS2307: Cannot find module '@/utils/id' or its corresponding type declarations.
src/components/editor/timeline/timeline/handlers/modify-handler.ts(5,78): error TS2307: Cannot find module '@/types/timeline' or its corresponding type declarations.
src/components/editor/timeline/timeline/handlers/pointer-handler.ts(1,36): error TS2307: Cannot find module '@/components/editor/timeline/timeline-constants' or its corresponding type declarations.
src/components/editor/timeline/timeline/handlers/pointer-handler.ts(19,12): error TS18028: Private identifiers are only available when targeting ECMAScript 2015 and higher.
src/components/editor/timeline/timeline/handlers/pointer-handler.ts(22,3): error TS18028: Private identifiers are only available when targeting ECMAScript 2015 and higher.
src/components/editor/timeline/timeline/handlers/pointer-handler.ts(23,3): error TS18028: Private identifiers are only available when targeting ECMAScript 2015 and higher.
src/components/editor/timeline/timeline/handlers/pointer-handler.ts(24,3): error TS18028: Private identifiers are only available when targeting ECMAScript 2015 and higher.
src/components/editor/timeline/timeline/handlers/pointer-handler.ts(27,12): error TS18028: Private identifiers are only available when targeting ECMAScript 2015 and higher.
src/components/editor/timeline/timeline/handlers/pointer-handler.ts(28,12): error TS18028: Private identifiers are only available when targeting ECMAScript 2015 and higher.
src/components/editor/timeline/timeline/handlers/pointer-handler.ts(29,12): error TS18028: Private identifiers are only available when targeting ECMAScript 2015 and higher.
src/components/editor/timeline/timeline/handlers/pointer-handler.ts(30,12): error TS18028: Private identifiers are only available when targeting ECMAScript 2015 and higher.
src/components/editor/timeline/timeline/handlers/pointer-handler.ts(105,3): error TS18028: Private identifiers are only available when targeting ECMAScript 2015 and higher.
src/components/editor/timeline/timeline/handlers/pointer-handler.ts(110,3): error TS18028: Private identifiers are only available when targeting ECMAScript 2015 and higher.
src/components/editor/timeline/timeline/handlers/pointer-handler.ts(119,3): error TS18028: Private identifiers are only available when targeting ECMAScript 2015 and higher.
src/components/editor/timeline/timeline/handlers/pointer-handler.ts(128,3): error TS18028: Private identifiers are only available when targeting ECMAScript 2015 and higher.
src/components/editor/timeline/timeline/track.ts(2,27): error TS2307: Cannot find module '@/types/timeline' or its corresponding type declarations.
src/components/editor/timeline/timeline/utils/filmstrip.ts(1,41): error TS2307: Cannot find module '@/types/timeline' or its corresponding type declarations.
